###############################################################################
#
# IAR ELF Linker V8.40.2.214/W32 for ARM                  24/Dec/2019  17:05:03
# Copyright 2007-2019 IAR Systems AB.
#
#    Output file  =
#        C:\Users\Ahmed\Desktop\ASU engineering\CSE316_Microcontrollers and
#        Interfacing\Project\Debug\Exe\DoorLock.out
#    Map file     =
#        C:\Users\Ahmed\Desktop\ASU engineering\CSE316_Microcontrollers and
#        Interfacing\Project\Debug\List\DoorLock.map
#    Command line =
#        -f C:\Users\Ahmed\AppData\Local\Temp\EWC52.tmp
#        ("C:\Users\Ahmed\Desktop\ASU engineering\CSE316_Microcontrollers and
#        Interfacing\Project\Debug\Obj\main.o" "C:\Users\Ahmed\Desktop\ASU
#        engineering\CSE316_Microcontrollers and
#        Interfacing\Project\Debug\Obj\PORTS.o" --no_out_extension -o
#        "C:\Users\Ahmed\Desktop\ASU engineering\CSE316_Microcontrollers and
#        Interfacing\Project\Debug\Exe\DoorLock.out" --redirect
#        _Printf=_PrintfFullNoMb --redirect _Scanf=_ScanfFullNoMb --map
#        "C:\Users\Ahmed\Desktop\ASU engineering\CSE316_Microcontrollers and
#        Interfacing\Project\Debug\List\DoorLock.map" --config "C:\Program
#        Files (x86)\IAR Systems\Embedded Workbench
#        8.3\arm\config\linker\TexasInstruments\TM4C123GH6.icf" --semihosting
#        --entry __iar_program_start --vfe --text_out locale)
#
###############################################################################

*******************************************************************************
*** RUNTIME MODEL ATTRIBUTES
***

CppFlavor       = *
__SystemLibrary = DLib
__dlib_version  = 6


*******************************************************************************
*** HEAP SELECTION
***

The basic heap was selected because some modules are built with
size limitations (and not runtime checking), and --advanced_heap
was not specified.


*******************************************************************************
*** PLACEMENT SUMMARY
***

"A0":  place at address 0x0 { ro section .intvec };
"P1":  place in [from 0x0 to 0x3'ffff] { ro };
define block CSTACK with size = 4K, alignment = 8 { };
define block HEAP with size = 8K, alignment = 8 { };
"P2":  place in [from 0x2000'0000 to 0x2000'7fff] {
          rw, block CSTACK, block HEAP };

No sections matched the following patterns:

  rw  in "P2"


  Section   Kind         Address    Size  Object
  -------   ----         -------    ----  ------
"A0":                               0x40
  .intvec   ro code          0x0    0x40  vector_table_M.o [4]
                          - 0x40    0x40

"P1":                              0xb10
  .text     ro code         0x40   0x5bc  PORTS.o [1]
  .text     ro code        0x5fc    0x56  ABImemcpy_unaligned.o [4]
  .text     ro code        0x652     0x2  vector_table_M.o [4]
  .text     ro code        0x654   0x150  iar_Stoulx.o [2]
  .text     ro code        0x7a4    0x58  memchr.o [4]
  .text     ro code        0x7fc   0x164  main.o [1]
  .rodata   const          0x960    0x50  iar_Stoulx.o [2]
  .text     ro code        0x9b0    0x22  fpinit_M.o [3]
  .text     ro code        0x9d4    0x1e  cmain.o [4]
  .text     ro code        0x9f2     0x4  low_level_init.o [2]
  .text     ro code        0x9f6     0x4  exit.o [2]
  .text     ro code        0x9fc     0xa  cexit.o [4]
  .text     ro code        0xa08    0x14  exit.o [5]
  .rodata   const          0xa1c    0x14  PORTS.o [1]
  .rodata   const          0xa30    0x14  PORTS.o [1]
  .rodata   const          0xa44    0x10  main.o [1]
  .rodata   const          0xa54    0x10  main.o [1]
  .rodata   const          0xa64    0x10  main.o [1]
  .rodata   const          0xa74    0x10  main.o [1]
  .rodata   const          0xa84    0x10  PORTS.o [1]
  .rodata   const          0xa94    0x10  PORTS.o [1]
  .rodata   const          0xaa4    0x10  PORTS.o [1]
  .rodata   const          0xab4    0x10  PORTS.o [1]
  .rodata   const          0xac4    0x10  PORTS.o [1]
  .rodata   const          0xad4    0x10  PORTS.o [1]
  .rodata   const          0xae4    0x10  PORTS.o [1]
  .rodata   const          0xaf4     0xc  main.o [1]
  .rodata   const          0xb00     0xc  PORTS.o [1]
  .rodata   const          0xb0c     0xc  PORTS.o [1]
  .rodata   const          0xb18     0xc  PORTS.o [1]
  .rodata   const          0xb24     0xc  PORTS.o [1]
  .rodata   const          0xb30     0xc  PORTS.o [1]
  .text     ro code        0xb3c     0xc  cstartup_M.o [4]
  .rodata   const          0xb48     0x8  main.o [1]
                         - 0xb50   0xb10

"P2":                             0x1000
  CSTACK             0x2000'0000  0x1000  <Block>
    CSTACK  uninit   0x2000'0000  0x1000  <Block tail>
                   - 0x2000'1000  0x1000

Unused ranges:

         From           To      Size
         ----           --      ----
        0xb50     0x3'ffff  0x3'f4b0
  0x2000'1000  0x2000'7fff    0x7000



*******************************************************************************
*** MODULE SUMMARY
***

    Module                 ro code  ro data  rw data
    ------                 -------  -------  -------
command line/config:
    ------------------------------------------------
    Total:

C:\Users\Ahmed\Desktop\ASU engineering\CSE316_Microcontrollers and Interfacing\Project\Debug\Obj: [1]
    PORTS.o                  1'468      212
    main.o                     356       84
    ------------------------------------------------
    Total:                   1'824      296

dl7M_tln.a: [2]
    exit.o                       4
    iar_Stoulx.o               336       80
    low_level_init.o             4
    ------------------------------------------------
    Total:                     344       80

m7M_tls.a: [3]
    fpinit_M.o                  34
    ------------------------------------------------
    Total:                      34

rt7M_tl.a: [4]
    ABImemcpy_unaligned.o       86
    cexit.o                     10
    cmain.o                     30
    cstartup_M.o                12
    memchr.o                    88
    vector_table_M.o            66
    ------------------------------------------------
    Total:                     292

shb_l.a: [5]
    exit.o                      20
    ------------------------------------------------
    Total:                      20

    Gaps                         6
    Linker created                             4'096
----------------------------------------------------
    Grand Total:             2'520      376    4'096


*******************************************************************************
*** ENTRY LIST
***

Entry                       Address   Size  Type      Object
-----                       -------   ----  ----      ------
?main                         0x9d5         Code  Gb  cmain.o [4]
CSTACK$$Base            0x2000'0000          --   Gb  - Linker created -
CSTACK$$Limit           0x2000'1000          --   Gb  - Linker created -
LCD_command                   0x245   0x3a  Code  Gb  PORTS.o [1]
LCD_data                      0x27f   0x28  Code  Gb  PORTS.o [1]
LCD_puts                      0x347   0x1a  Code  Gb  PORTS.o [1]
LCD_start                     0x2a7   0x46  Code  Gb  PORTS.o [1]
PORTS_Init                     0x41   0xb2  Code  Gb  PORTS.o [1]
Region$$Table$$Base             0x0          --   Gb  - Linker created -
Region$$Table$$Limit            0x0          --   Gb  - Linker created -
__cmain                       0x9d5         Code  Gb  cmain.o [4]
__exit                        0xa09   0x14  Code  Gb  exit.o [5]
__iar_Memchr                  0x7a5         Code  Gb  memchr.o [4]
__iar_Stoulx                  0x655  0x13e  Code  Gb  iar_Stoulx.o [2]
__iar_init_vfp                0x9b1         Code  Gb  fpinit_M.o [3]
__iar_program_start           0xb3d         Code  Gb  cstartup_M.o [4]
__iar_unaligned_memcpy4
                              0x5fd         Code  Gb  ABImemcpy_unaligned.o [4]
__iar_unaligned_memcpy8
                              0x5fd         Code  Gb  ABImemcpy_unaligned.o [4]
__low_level_init              0x9f3    0x4  Code  Gb  low_level_init.o [2]
__vector_table                  0x0         Data  Gb  vector_table_M.o [4]
_call_main                    0x9e1         Code  Gb  cmain.o [4]
_exit                         0x9fd         Code  Gb  cexit.o [4]
_main                         0x9ef         Code  Gb  cmain.o [4]
atoi                          0x799    0x2  Code  Gb  iar_Stoulx.o [2]
configurationMenu             0x387  0x1e0  Code  Gb  PORTS.o [1]
delay                         0x31d    0xc  Code  Gb  PORTS.o [1]
delayMs                       0x2ed   0x1a  Code  Gb  PORTS.o [1]
delayUs                       0x307   0x16  Code  Gb  PORTS.o [1]
digits                        0x988   0x28  Data  Lc  iar_Stoulx.o [2]
exit                          0x9f7    0x4  Code  Gb  exit.o [2]
keypad_getkey                  0xf3  0x152  Code  Gb  PORTS.o [1]
listener                      0x361   0x26  Code  Gb  PORTS.o [1]
main                          0x7fd  0x164  Code  Gb  main.o [1]
memchr                        0x7a5         Code  Gb  memchr.o [4]
ndigs                         0x960   0x28  Data  Lc  iar_Stoulx.o [2]
systick                       0x329   0x1e  Code  Gb  PORTS.o [1]


[1] = C:\Users\Ahmed\Desktop\ASU engineering\CSE316_Microcontrollers and Interfacing\Project\Debug\Obj
[2] = dl7M_tln.a
[3] = m7M_tls.a
[4] = rt7M_tl.a
[5] = shb_l.a

  2'520 bytes of readonly  code memory
    376 bytes of readonly  data memory
  4'096 bytes of readwrite data memory

Errors: none
Warnings: none
